Component: ARM Compiler 5.06 update 6 (build 750) Tool: armlink [4d35ed]

==============================================================================

Section Cross References

    startup_stm32f411xe.o(RESET) refers to startup_stm32f411xe.o(STACK) for __initial_sp
    startup_stm32f411xe.o(RESET) refers to startup_stm32f411xe.o(.text) for Reset_Handler
    startup_stm32f411xe.o(RESET) refers to stm32f4xx_it.o(i.NMI_Handler) for NMI_Handler
    startup_stm32f411xe.o(RESET) refers to stm32f4xx_it.o(i.HardFault_Handler) for HardFault_Handler
    startup_stm32f411xe.o(RESET) refers to stm32f4xx_it.o(i.MemManage_Handler) for MemManage_Handler
    startup_stm32f411xe.o(RESET) refers to stm32f4xx_it.o(i.BusFault_Handler) for BusFault_Handler
    startup_stm32f411xe.o(RESET) refers to stm32f4xx_it.o(i.UsageFault_Handler) for UsageFault_Handler
    startup_stm32f411xe.o(RESET) refers to stm32f4xx_it.o(i.SVC_Handler) for SVC_Handler
    startup_stm32f411xe.o(RESET) refers to stm32f4xx_it.o(i.DebugMon_Handler) for DebugMon_Handler
    startup_stm32f411xe.o(RESET) refers to stm32f4xx_it.o(i.PendSV_Handler) for PendSV_Handler
    startup_stm32f411xe.o(RESET) refers to stm32f4xx_it.o(i.SysTick_Handler) for SysTick_Handler
    startup_stm32f411xe.o(RESET) refers to timer.o(i.TIM3_IRQHandler) for TIM3_IRQHandler
    startup_stm32f411xe.o(.text) refers to system_stm32f4xx.o(i.SystemInit) for SystemInit
    startup_stm32f411xe.o(.text) refers to entry.o(.ARM.Collect$$$$00000000) for __main
    adc.o(i.Get_Adc) refers to stm32f4xx_hal_adc.o(i.HAL_ADC_ConfigChannel) for HAL_ADC_ConfigChannel
    adc.o(i.Get_Adc) refers to stm32f4xx_hal_adc.o(i.HAL_ADC_Start) for HAL_ADC_Start
    adc.o(i.Get_Adc) refers to stm32f4xx_hal_adc.o(i.HAL_ADC_PollForConversion) for HAL_ADC_PollForConversion
    adc.o(i.Get_Adc) refers to stm32f4xx_hal_adc.o(i.HAL_ADC_GetValue) for HAL_ADC_GetValue
    adc.o(i.Get_Adc) refers to adc.o(.bss) for .bss
    adc.o(i.Get_Adc_Average) refers to adc.o(i.Get_Adc) for Get_Adc
    adc.o(i.HAL_ADC_MspInit) refers to stm32f4xx_hal_gpio.o(i.HAL_GPIO_Init) for HAL_GPIO_Init
    adc.o(i.MY_ADC_Init) refers to stm32f4xx_hal_adc.o(i.HAL_ADC_Init) for HAL_ADC_Init
    adc.o(i.MY_ADC_Init) refers to adc.o(.bss) for .bss
    delay.o(i.delay_init) refers to stm32f4xx_hal_cortex.o(i.HAL_SYSTICK_CLKSourceConfig) for HAL_SYSTICK_CLKSourceConfig
    delay.o(i.delay_init) refers to delay.o(.data) for .data
    delay.o(i.delay_ms) refers to delay.o(i.delay_us) for delay_us
    delay.o(i.delay_us) refers to delay.o(.data) for .data
    led.o(i.Beeplong) refers to stm32f4xx_hal_gpio.o(i.HAL_GPIO_WritePin) for HAL_GPIO_WritePin
    led.o(i.Beeplong) refers to delay.o(i.delay_ms) for delay_ms
    led.o(i.Beeplonglong) refers to stm32f4xx_hal_gpio.o(i.HAL_GPIO_WritePin) for HAL_GPIO_WritePin
    led.o(i.Beeplonglong) refers to delay.o(i.delay_ms) for delay_ms
    led.o(i.Beepone) refers to stm32f4xx_hal_gpio.o(i.HAL_GPIO_WritePin) for HAL_GPIO_WritePin
    led.o(i.Beepone) refers to delay.o(i.delay_ms) for delay_ms
    led.o(i.Beeptwo) refers to stm32f4xx_hal_gpio.o(i.HAL_GPIO_WritePin) for HAL_GPIO_WritePin
    led.o(i.Beeptwo) refers to delay.o(i.delay_ms) for delay_ms
    led.o(i.LED_Init) refers to stm32f4xx_hal_gpio.o(i.HAL_GPIO_Init) for HAL_GPIO_Init
    led.o(i.LED_Init) refers to stm32f4xx_hal_gpio.o(i.HAL_GPIO_WritePin) for HAL_GPIO_WritePin
    sys.o(i.Stm32_Clock_Init) refers to stm32f4xx_hal_rcc.o(i.HAL_RCC_OscConfig) for HAL_RCC_OscConfig
    sys.o(i.Stm32_Clock_Init) refers to stm32f4xx_hal_rcc.o(i.HAL_RCC_ClockConfig) for HAL_RCC_ClockConfig
    sys.o(i.Stm32_Clock_Init) refers to stm32f4xx_hal.o(i.HAL_GetREVID) for HAL_GetREVID
    timer.o(i.HAL_TIM_Base_MspInit) refers to stm32f4xx_hal_cortex.o(i.HAL_NVIC_SetPriority) for HAL_NVIC_SetPriority
    timer.o(i.HAL_TIM_Base_MspInit) refers to stm32f4xx_hal_cortex.o(i.HAL_NVIC_EnableIRQ) for HAL_NVIC_EnableIRQ
    timer.o(i.HAL_TIM_PWM_MspInit) refers to stm32f4xx_hal_gpio.o(i.HAL_GPIO_Init) for HAL_GPIO_Init
    timer.o(i.HAL_TIM_PeriodElapsedCallback) refers to adc.o(i.Get_Adc) for Get_Adc
    timer.o(i.HAL_TIM_PeriodElapsedCallback) refers to delay.o(i.delay_ms) for delay_ms
    timer.o(i.HAL_TIM_PeriodElapsedCallback) refers to timer.o(.bss) for .bss
    timer.o(i.HAL_TIM_PeriodElapsedCallback) refers to timer.o(.data) for .data
    timer.o(i.TIM10_PWM_Init) refers to stm32f4xx_hal_tim.o(i.HAL_TIM_PWM_Init) for HAL_TIM_PWM_Init
    timer.o(i.TIM10_PWM_Init) refers to stm32f4xx_hal_tim.o(i.HAL_TIM_PWM_ConfigChannel) for HAL_TIM_PWM_ConfigChannel
    timer.o(i.TIM10_PWM_Init) refers to stm32f4xx_hal_tim.o(i.HAL_TIM_PWM_Start) for HAL_TIM_PWM_Start
    timer.o(i.TIM10_PWM_Init) refers to timer.o(.bss) for .bss
    timer.o(i.TIM3_IRQHandler) refers to stm32f4xx_hal_tim.o(i.HAL_TIM_IRQHandler) for HAL_TIM_IRQHandler
    timer.o(i.TIM3_IRQHandler) refers to timer.o(.bss) for .bss
[...]
    0x2000071c   COMPRESSED   0x00000010   Data   RW          627    .data               network_handc5.o
    0x2000072c   COMPRESSED   0x00000010   Data   RW          628    .data               network_handc5.o
    0x2000073c   COMPRESSED   0x00000010   Data   RW          629    .data               network_handc5.o
    0x2000074c   COMPRESSED   0x00000010   Data   RW          630    .data               network_handc5.o
    0x2000075c   COMPRESSED   0x00000010   Data   RW          631    .data               network_handc5.o
    0x2000076c   COMPRESSED   0x00000010   Data   RW          632    .data               network_handc5.o
    0x2000077c   COMPRESSED   0x00000010   Data   RW          633    .data               network_handc5.o
    0x2000078c   COMPRESSED   0x00000010   Data   RW          634    .data               network_handc5.o
    0x2000079c   COMPRESSED   0x00000010   Data   RW          635    .data               network_handc5.o
    0x200007ac   COMPRESSED   0x00000010   Data   RW          636    .data               network_handc5.o
    0x200007bc   COMPRESSED   0x00000010   Data   RW          637    .data               network_handc5.o
    0x200007cc   COMPRESSED   0x00000010   Data   RW          638    .data               network_handc5.o
    0x200007dc   COMPRESSED   0x00000010   Data   RW          639    .data               network_handc5.o
    0x200007ec   COMPRESSED   0x00000010   Data   RW          640    .data               network_handc5.o
    0x200007fc   COMPRESSED   0x00000010   Data   RW          641    .data               network_handc5.o
    0x2000080c   COMPRESSED   0x00000010   Data   RW          642    .data               network_handc5.o
    0x2000081c   COMPRESSED   0x00000010   Data   RW          643    .data               network_handc5.o
    0x2000082c   COMPRESSED   0x00000010   Data   RW          644    .data               network_handc5.o
    0x2000083c   COMPRESSED   0x00000010   Data   RW          645    .data               network_handc5.o
    0x2000084c   COMPRESSED   0x00000010   Data   RW          646    .data               network_handc5.o
    0x2000085c   COMPRESSED   0x00000010   Data   RW          647    .data               network_handc5.o
    0x2000086c   COMPRESSED   0x00000010   Data   RW          648    .data               network_handc5.o
    0x2000087c   COMPRESSED   0x00000010   Data   RW          649    .data               network_handc5.o
    0x2000088c   COMPRESSED   0x00000010   Data   RW          650    .data               network_handc5.o
    0x2000089c   COMPRESSED   0x00000010   Data   RW          651    .data               network_handc5.o
    0x200008ac   COMPRESSED   0x00000010   Data   RW          652    .data               network_handc5.o
    0x200008bc   COMPRESSED   0x00000010   Data   RW          653    .data               network_handc5.o
    0x200008cc   COMPRESSED   0x00000010   Data   RW          654    .data               network_handc5.o
    0x200008dc   COMPRESSED   0x00000010   Data   RW          655    .data               network_handc5.o
    0x200008ec   COMPRESSED   0x00000010   Data   RW          656    .data               network_handc5.o
    0x200008fc   COMPRESSED   0x00000010   Data   RW          657    .data               network_handc5.o
    0x2000090c   COMPRESSED   0x00000010   Data   RW          658    .data               network_handc5.o
    0x2000091c   COMPRESSED   0x00000010   Data   RW          659    .data               network_handc5.o
    0x2000092c   COMPRESSED   0x00000010   Data   RW          660    .data               network_handc5.o
    0x2000093c   COMPRESSED   0x00000010   Data   RW          661    .data               network_handc5.o
    0x2000094c   COMPRESSED   0x00000010   Data   RW          662    .data               network_handc5.o
    0x2000095c   COMPRESSED   0x00000010   Data   RW          663    .data               network_handc5.o
    0x2000096c   COMPRESSED   0x00000010   Data   RW          664    .data               network_handc5.o
    0x2000097c   COMPRESSED   0x00000010   Data   RW          665    .data               network_handc5.o
    0x2000098c   COMPRESSED   0x00000010   Data   RW          666    .data               network_handc5.o
    0x2000099c   COMPRESSED   0x00000010   Data   RW          667    .data               network_handc5.o
    0x200009ac   COMPRESSED   0x00000010   Data   RW          668    .data               network_handc5.o
    0x200009bc   COMPRESSED   0x00000010   Data   RW          669    .data               network_handc5.o
    0x200009cc   COMPRESSED   0x00000010   Data   RW          670    .data               network_handc5.o
    0x200009dc   COMPRESSED   0x00000010   Data   RW          671    .data               network_handc5.o
    0x200009ec   COMPRESSED   0x00000010   Data   RW          672    .data               network_handc5.o
    0x200009fc   COMPRESSED   0x00000010   Data   RW          673    .data               network_handc5.o
    0x20000a0c   COMPRESSED   0x00000010   Data   RW          674    .data               network_handc5.o
    0x20000a1c   COMPRESSED   0x00000010   Data   RW          675    .data               network_handc5.o
    0x20000a2c   COMPRESSED   0x00000010   Data   RW          676    .data               network_handc5.o
    0x20000a3c   COMPRESSED   0x00000010   Data   RW          677    .data               network_handc5.o
    0x20000a4c   COMPRESSED   0x00000010   Data   RW          678    .data               network_handc5.o
    0x20000a5c   COMPRESSED   0x00000010   Data   RW          679    .data               network_handc5.o
    0x20000a6c   COMPRESSED   0x00000010   Data   RW          680    .data               network_handc5.o
    0x20000a7c   COMPRESSED   0x00000010   Data   RW          681    .data               network_handc5.o
    0x20000a8c   COMPRESSED   0x00000010   Data   RW          682    .data               network_handc5.o
    0x20000a9c   COMPRESSED   0x00000010   Data   RW          683    .data               network_handc5.o
    0x20000aac   COMPRESSED   0x00000010   Data   RW          684    .data               network_handc5.o
    0x20000abc   COMPRESSED   0x00000010   Data   RW          685    .data               network_handc5.o
    0x20000acc   COMPRESSED   0x00000010   Data   RW          686    .data               network_handc5.o
    0x20000adc   COMPRESSED   0x00000010   Data   RW          687    .data               network_handc5.o
    0x20000aec   COMPRESSED   0x00000010   Data   RW          688    .data               network_handc5.o
    0x20000afc   COMPRESSED   0x00000010   Data   RW          689    .data               network_handc5.o
    0x20000b0c   COMPRESSED   0x00000010   Data   RW          690    .data               network_handc5.o
    0x20000b1c   COMPRESSED   0x00000010   Data   RW          691    .data               network_handc5.o
    0x20000b2c   COMPRESSED   0x00000010   Data   RW          692    .data               network_handc5.o
    0x20000b3c   COMPRESSED   0x00000010   Data   RW          693    .data               network_handc5.o
    0x20000b4c   COMPRESSED   0x00000010   Data   RW          694    .data               network_handc5.o
    0x20000b5c   COMPRESSED   0x00000010   Data   RW          695    .data               network_handc5.o
    0x20000b6c   COMPRESSED   0x00000010   Data   RW          696    .data               network_handc5.o
    0x20000b7c   COMPRESSED   0x00000010   Data   RW          697    .data               network_handc5.o
    0x20000b8c   COMPRESSED   0x00000010   Data   RW          698    .data               network_handc5.o
    0x20000b9c   COMPRESSED   0x00000010   Data   RW          699    .data               network_handc5.o
    0x20000bac   COMPRESSED   0x00000010   Data   RW          700    .data               network_handc5.o
    0x20000bbc   COMPRESSED   0x00000010   Data   RW          701    .data               network_handc5.o
    0x20000bcc   COMPRESSED   0x00000010   Data   RW          702    .data               network_handc5.o
    0x20000bdc   COMPRESSED   0x00000010   Data   RW          703    .data               network_handc5.o
    0x20000bec   COMPRESSED   0x00000010   Data   RW          704    .data               network_handc5.o
    0x20000bfc   COMPRESSED   0x00000010   Data   RW          705    .data               network_handc5.o
    0x20000c0c   COMPRESSED   0x00000010   Data   RW          706    .data               network_handc5.o
    0x20000c1c   COMPRESSED   0x00000010   Data   RW          707    .data               network_handc5.o
    0x20000c2c   COMPRESSED   0x00000010   Data   RW          708    .data               network_handc5.o
    0x20000c3c   COMPRESSED   0x00000010   Data   RW          709    .data               network_handc5.o
    0x20000c4c   COMPRESSED   0x00000010   Data   RW          710    .data               network_handc5.o
    0x20000c5c   COMPRESSED   0x00000010   Data   RW          711    .data               network_handc5.o
    0x20000c6c   COMPRESSED   0x00000010   Data   RW          712    .data               network_handc5.o
    0x20000c7c   COMPRESSED   0x00000010   Data   RW          713    .data               network_handc5.o
    0x20000c8c   COMPRESSED   0x00000010   Data   RW          714    .data               network_handc5.o
    0x20000c9c   COMPRESSED   0x00000010   Data   RW          715    .data               network_handc5.o
    0x20000cac   COMPRESSED   0x00000010   Data   RW          716    .data               network_handc5.o
    0x20000cbc   COMPRESSED   0x00000010   Data   RW          717    .data               network_handc5.o
    0x20000ccc   COMPRESSED   0x00000010   Data   RW          718    .data               network_handc5.o
    0x20000cdc   COMPRESSED   0x00000010   Data   RW          719    .data               network_handc5.o
    0x20000cec   COMPRESSED   0x00000010   Data   RW          720    .data               network_handc5.o
    0x20000cfc   COMPRESSED   0x00000010   Data   RW          721    .data               network_handc5.o
    0x20000d0c   COMPRESSED   0x00000010   Data   RW          722    .data               network_handc5.o
    0x20000d1c   COMPRESSED   0x00000010   Data   RW          723    .data               network_handc5.o
    0x20000d2c   COMPRESSED   0x00000010   Data   RW          724    .data               network_handc5.o
    0x20000d3c   COMPRESSED   0x00000010   Data   RW          725    .data               network_handc5.o
    0x20000d4c   COMPRESSED   0x00000010   Data   RW          726    .data               network_handc5.o
    0x20000d5c   COMPRESSED   0x00000010   Data   RW          727    .data               network_handc5.o
    0x20000d6c   COMPRESSED   0x00000010   Data   RW          728    .data               network_handc5.o
    0x20000d7c   COMPRESSED   0x00000010   Data   RW          729    .data               network_handc5.o
    0x20000d8c   COMPRESSED   0x00000010   Data   RW          730    .data               network_handc5.o
    0x20000d9c   COMPRESSED   0x00000010   Data   RW          731    .data               network_handc5.o
    0x20000dac   COMPRESSED   0x00000010   Data   RW          732    .data               network_handc5.o
    0x20000dbc   COMPRESSED   0x00000010   Data   RW          733    .data               network_handc5.o
    0x20000dcc   COMPRESSED   0x00000010   Data   RW          734    .data               network_handc5.o
    0x20000ddc   COMPRESSED   0x00000010   Data   RW          735    .data               network_handc5.o
    0x20000dec   COMPRESSED   0x00000010   Data   RW          736    .data               network_handc5.o
    0x20000dfc   COMPRESSED   0x00000010   Data   RW          737    .data               network_handc5.o
    0x20000e0c   COMPRESSED   0x00000010   Data   RW          738    .data               network_handc5.o
    0x20000e1c   COMPRESSED   0x00000010   Data   RW          739    .data               network_handc5.o
    0x20000e2c   COMPRESSED   0x00000010   Data   RW          740    .data               network_handc5.o
    0x20000e3c   COMPRESSED   0x00000010   Data   RW          741    .data               network_handc5.o
    0x20000e4c   COMPRESSED   0x00000010   Data   RW          742    .data               network_handc5.o
    0x20000e5c   COMPRESSED   0x00000010   Data   RW          743    .data               network_handc5.o
    0x20000e6c   COMPRESSED   0x00000010   Data   RW          744    .data               network_handc5.o
    0x20000e7c   COMPRESSED   0x00000010   Data   RW          745    .data               network_handc5.o
    0x20000e8c   COMPRESSED   0x00000010   Data   RW          746    .data               network_handc5.o
    0x20000e9c   COMPRESSED   0x00000010   Data   RW          747    .data               network_handc5.o
    0x20000eac   COMPRESSED   0x00000010   Data   RW          748    .data               network_handc5.o
    0x20000ebc   COMPRESSED   0x00000010   Data   RW          749    .data               network_handc5.o
    0x20000ecc   COMPRESSED   0x00000010   Data   RW          750    .data               network_handc5.o
    0x20000edc   COMPRESSED   0x00000010   Data   RW          751    .data               network_handc5.o
    0x20000eec   COMPRESSED   0x00000010   Data   RW          752    .data               network_handc5.o
    0x20000efc   COMPRESSED   0x00000010   Data   RW          753    .data               network_handc5.o
    0x20000f0c   COMPRESSED   0x00000010   Data   RW          754    .data               network_handc5.o
    0x20000f1c   COMPRESSED   0x00000010   Data   RW          755    .data               network_handc5.o
    0x20000f2c   COMPRESSED   0x00000010   Data   RW          756    .data               network_handc5.o
    0x20000f3c   COMPRESSED   0x00000010   Data   RW          757    .data               network_handc5.o
    0x20000f4c   COMPRESSED   0x00000010   Data   RW          758    .data               network_handc5.o
    0x20000f5c   COMPRESSED   0x00000010   Data   RW          759    .data               network_handc5.o
    0x20000f6c   COMPRESSED   0x00000010   Data   RW          760    .data               network_handc5.o
    0x20000f7c   COMPRESSED   0x00000010   Data   RW          761    .data               network_handc5.o
    0x20000f8c   COMPRESSED   0x00000010   Data   RW          762    .data               network_handc5.o
    0x20000f9c   COMPRESSED   0x00000010   Data   RW          763    .data               network_handc5.o
    0x20000fac   COMPRESSED   0x00000010   Data   RW          764    .data               network_handc5.o
    0x20000fbc   COMPRESSED   0x00000010   Data   RW          765    .data               network_handc5.o
    0x20000fcc   COMPRESSED   0x00000010   Data   RW          766    .data               network_handc5.o
    0x20000fdc   COMPRESSED   0x00000010   Data   RW          767    .data               network_handc5.o
    0x20000fec   COMPRESSED   0x00000010   Data   RW          768    .data               network_handc5.o
    0x20000ffc   COMPRESSED   0x00000010   Data   RW          769    .data               network_handc5.o
    0x2000100c   COMPRESSED   0x00000010   Data   RW          770    .data               network_handc5.o
    0x2000101c   COMPRESSED   0x00000010   Data   RW          771    .data               network_handc5.o
    0x2000102c   COMPRESSED   0x00000010   Data   RW          772    .data               network_handc5.o
    0x2000103c   COMPRESSED   0x00000010   Data   RW          773    .data               network_handc5.o
    0x2000104c   COMPRESSED   0x00000010   Data   RW          774    .data               network_handc5.o
    0x2000105c   COMPRESSED   0x00000010   Data   RW          775    .data               network_handc5.o
    0x2000106c   COMPRESSED   0x00000010   Data   RW          776    .data               network_handc5.o
    0x2000107c   COMPRESSED   0x00000010   Data   RW          777    .data               network_handc5.o
    0x2000108c   COMPRESSED   0x00000010   Data   RW          778    .data               network_handc5.o
    0x2000109c   COMPRESSED   0x00000010   Data   RW          779    .data               network_handc5.o
    0x200010ac   COMPRESSED   0x00000010   Data   RW          780    .data               network_handc5.o
    0x200010bc   COMPRESSED   0x00000010   Data   RW          781    .data               network_handc5.o
    0x200010cc   COMPRESSED   0x00000010   Data   RW          782    .data               network_handc5.o
    0x200010dc   COMPRESSED   0x00000010   Data   RW          783    .data               network_handc5.o
    0x200010ec   COMPRESSED   0x00000010   Data   RW          784    .data               network_handc5.o
    0x200010fc   COMPRESSED   0x00000010   Data   RW          785    .data               network_handc5.o
    0x2000110c   COMPRESSED   0x00000010   Data   RW          786    .data               network_handc5.o
    0x2000111c   COMPRESSED   0x00000010   Data   RW          787    .data               network_handc5.o
    0x2000112c   COMPRESSED   0x00000010   Data   RW          788    .data               network_handc5.o
    0x2000113c   COMPRESSED   0x00000010   Data   RW          789    .data               network_handc5.o
    0x2000114c   COMPRESSED   0x00000010   Data   RW          790    .data               network_handc5.o
    0x2000115c   COMPRESSED   0x00000010   Data   RW          791    .data               network_handc5.o
    0x2000116c   COMPRESSED   0x00000010   Data   RW          792    .data               network_handc5.o
    0x2000117c   COMPRESSED   0x00000010   Data   RW          793    .data               network_handc5.o
    0x2000118c   COMPRESSED   0x00000010   Data   RW          794    .data               network_handc5.o
    0x2000119c   COMPRESSED   0x00000010   Data   RW          795    .data               network_handc5.o
    0x200011ac   COMPRESSED   0x00000010   Data   RW          796    .data               network_handc5.o
    0x200011bc   COMPRESSED   0x00000010   Data   RW          797    .data               network_handc5.o
    0x200011cc   COMPRESSED   0x00000010   Data   RW          798    .data               network_handc5.o
    0x200011dc   COMPRESSED   0x00000010   Data   RW          799    .data               network_handc5.o
    0x200011ec   COMPRESSED   0x00000010   Data   RW          800    .data               network_handc5.o
    0x200011fc   COMPRESSED   0x00000010   Data   RW          801    .data               network_handc5.o
    0x2000120c   COMPRESSED   0x00000010   Data   RW          802    .data               network_handc5.o
    0x2000121c   COMPRESSED   0x00000010   Data   RW          803    .data               network_handc5.o
    0x2000122c   COMPRESSED   0x00000010   Data   RW          804    .data               network_handc5.o
    0x2000123c   COMPRESSED   0x00000010   Data   RW          805    .data               network_handc5.o
    0x2000124c   COMPRESSED   0x00000010   Data   RW          806    .data               network_handc5.o
    0x2000125c   COMPRESSED   0x00000010   Data   RW          807    .data               network_handc5.o
    0x2000126c   COMPRESSED   0x00000010   Data   RW          808    .data               network_handc5.o
    0x2000127c   COMPRESSED   0x00000010   Data   RW          809    .data               network_handc5.o
    0x2000128c   COMPRESSED   0x00000010   Data   RW          810    .data               network_handc5.o
    0x2000129c   COMPRESSED   0x00000010   Data   RW          811    .data               network_handc5.o
    0x200012ac   COMPRESSED   0x00000010   Data   RW          812    .data               network_handc5.o
    0x200012bc   COMPRESSED   0x00000010   Data   RW          813    .data               network_handc5.o
    0x200012cc   COMPRESSED   0x00000004   Data   RW          814    .data               network_handc5.o
    0x200012d0   COMPRESSED   0x00000004   Data   RW          815    .data               network_handc5.o
    0x200012d4   COMPRESSED   0x0000000c   Data   RW          816    .data               network_handc5.o
    0x200012e0   COMPRESSED   0x00000004   Data   RW          817    .data               network_handc5.o
    0x200012e4   COMPRESSED   0x00000030   Data   RW          818    .data               network_handc5.o
    0x20001314   COMPRESSED   0x00000010   Data   RW          819    .data               network_handc5.o
    0x20001324   COMPRESSED   0x00000004   Data   RW          820    .data               network_handc5.o
    0x20001328   COMPRESSED   0x00000004   Data   RW          821    .data               network_handc5.o
    0x2000132c   COMPRESSED   0x0000000c   Data   RW          822    .data               network_handc5.o
    0x20001338   COMPRESSED   0x00000004   Data   RW          823    .data               network_handc5.o
    0x2000133c   COMPRESSED   0x00000030   Data   RW          824    .data               network_handc5.o
    0x2000136c   COMPRESSED   0x00000004   Data   RW          825    .data               network_handc5.o
    0x20001370   COMPRESSED   0x00000004   Data   RW          826    .data               network_handc5.o
    0x20001374   COMPRESSED   0x0000000c   Data   RW          827    .data               network_handc5.o
    0x20001380   COMPRESSED   0x00000004   Data   RW          828    .data               network_handc5.o
    0x20001384   COMPRESSED   0x00000030   Data   RW          829    .data               network_handc5.o
    0x200013b4   COMPRESSED   0x00000010   Data   RW          830    .data               network_handc5.o
    0x200013c4   COMPRESSED   0x00000004   Data   RW          831    .data               network_handc5.o
    0x200013c8   COMPRESSED   0x00000004   Data   RW          832    .data               network_handc5.o
    0x200013cc   COMPRESSED   0x00000004   Data   RW          833    .data               network_handc5.o
    0x200013d0   COMPRESSED   0x00000004   Data   RW          834    .data               network_handc5.o
    0x200013d4   COMPRESSED   0x00000030   Data   RW          835    .data               network_handc5.o
    0x20001404   COMPRESSED   0x00000004   Data   RW          836    .data               network_handc5.o
    0x20001408   COMPRESSED   0x00000004   Data   RW          837    .data               network_handc5.o
    0x2000140c   COMPRESSED   0x00000008   Data   RW          838    .data               network_handc5.o
    0x20001414   COMPRESSED   0x00000004   Data   RW          839    .data               network_handc5.o
    0x20001418   COMPRESSED   0x00000030   Data   RW          840    .data               network_handc5.o
    0x20001448   COMPRESSED   0x00000004   Data   RW          841    .data               network_handc5.o
    0x2000144c   COMPRESSED   0x00000004   Data   RW          842    .data               network_handc5.o
    0x20001450   COMPRESSED   0x00000004   Data   RW          843    .data               network_handc5.o
    0x20001454   COMPRESSED   0x00000004   Data   RW          844    .data               network_handc5.o
    0x20001458   COMPRESSED   0x00000030   Data   RW          845    .data               network_handc5.o
    0x20001488   COMPRESSED   0x00000004   Data   RW          846    .data               network_handc5.o
    0x2000148c   COMPRESSED   0x00000004   Data   RW          847    .data               network_handc5.o
    0x20001490   COMPRESSED   0x00000008   Data   RW          848    .data               network_handc5.o
    0x20001498   COMPRESSED   0x00000004   Data   RW          849    .data               network_handc5.o
    0x2000149c   COMPRESSED   0x00000030   Data   RW          850    .data               network_handc5.o
    0x200014cc   COMPRESSED   0x00000004   Data   RW          851    .data               network_handc5.o
    0x200014d0   COMPRESSED   0x00000004   Data   RW          852    .data               network_handc5.o
    0x200014d4   COMPRESSED   0x00000004   Data   RW          853    .data               network_handc5.o
    0x200014d8   COMPRESSED   0x00000004   Data   RW          854    .data               network_handc5.o
    0x200014dc   COMPRESSED   0x00000030   Data   RW          855    .data               network_handc5.o
    0x2000150c   COMPRESSED   0x00000008   Data   RW          856    .data               network_handc5.o
    0x20001514   COMPRESSED   0x00000004   Data   RW          857    .data               network_handc5.o
    0x20001518   COMPRESSED   0x00000004   Data   RW          858    .data               network_handc5.o
    0x2000151c   COMPRESSED   0x00000004   Data   RW          859    .data               network_handc5.o
    0x20001520   COMPRESSED   0x00000030   Data   RW          860    .data               network_handc5.o
    0x20001550   COMPRESSED   0x00000004   Data   RW          861    .data               network_handc5.o
    0x20001554   COMPRESSED   0x00000004   Data   RW          862    .data               network_handc5.o
    0x20001558   COMPRESSED   0x0000000c   Data   RW          863    .data               network_handc5.o
    0x20001564   COMPRESSED   0x00000004   Data   RW          864    .data               network_handc5.o
    0x20001568   COMPRESSED   0x00000030   Data   RW          865    .data               network_handc5.o
    0x20001598   COMPRESSED   0x00000004   Data   RW          866    .data               network_handc5.o
    0x2000159c   COMPRESSED   0x00000004   Data   RW          867    .data               network_handc5.o
    0x200015a0   COMPRESSED   0x0000000c   Data   RW          868    .data               network_handc5.o
    0x200015ac   COMPRESSED   0x00000004   Data   RW          869    .data               network_handc5.o
    0x200015b0   COMPRESSED   0x00000030   Data   RW          870    .data               network_handc5.o
    0x200015e0   COMPRESSED   0x00000004   Data   RW          871    .data               network_handc5.o
    0x200015e4   COMPRESSED   0x00000004   Data   RW          872    .data               network_handc5.o
    0x200015e8   COMPRESSED   0x0000000c   Data   RW          873    .data               network_handc5.o
    0x200015f4   COMPRESSED   0x00000004   Data   RW          874    .data               network_handc5.o
    0x200015f8   COMPRESSED   0x00000030   Data   RW          875    .data               network_handc5.o
    0x20001628   COMPRESSED   0x00000010   Data   RW          876    .data               network_handc5.o
    0x20001638   COMPRESSED   0x00000004   Data   RW          877    .data               network_handc5.o
    0x2000163c   COMPRESSED   0x00000004   Data   RW          878    .data               network_handc5.o
    0x20001640   COMPRESSED   0x0000000c   Data   RW          879    .data               network_handc5.o
    0x2000164c   COMPRESSED   0x00000004   Data   RW          880    .data               network_handc5.o
    0x20001650   COMPRESSED   0x00000030   Data   RW          881    .data               network_handc5.o
    0x20001680   COMPRESSED   0x00000004   Data   RW          882    .data               network_handc5.o
    0x20001684   COMPRESSED   0x00000004   Data   RW          883    .data               network_handc5.o
    0x20001688   COMPRESSED   0x0000000c   Data   RW          884    .data               network_handc5.o
    0x20001694   COMPRESSED   0x00000004   Data   RW          885    .data               network_handc5.o
    0x20001698   COMPRESSED   0x00000030   Data   RW          886    .data               network_handc5.o
    0x200016c8   COMPRESSED   0x00000004   Data   RW          887    .data               network_handc5.o
    0x200016cc   COMPRESSED   0x00000004   Data   RW          888    .data               network_handc5.o
    0x200016d0   COMPRESSED   0x0000000c   Data   RW          889    .data               network_handc5.o
    0x200016dc   COMPRESSED   0x00000004   Data   RW          890    .data               network_handc5.o
    0x200016e0   COMPRESSED   0x00000030   Data   RW          891    .data               network_handc5.o
    0x20001710   COMPRESSED   0x00000010   Data   RW          892    .data               network_handc5.o
    0x20001720   COMPRESSED   0x00000004   Data   RW          893    .data               network_handc5.o
    0x20001724   COMPRESSED   0x00000004   Data   RW          894    .data               network_handc5.o
    0x20001728   COMPRESSED   0x0000000c   Data   RW          895    .data               network_handc5.o
    0x20001734   COMPRESSED   0x00000004   Data   RW          896    .data               network_handc5.o
    0x20001738   COMPRESSED   0x00000030   Data   RW          897    .data               network_handc5.o
    0x20001768   COMPRESSED   0x00000008   Data   RW          898    .data               network_handc5.o
    0x20001770   COMPRESSED   0x00000004   Data   RW          899    .data               network_handc5.o
    0x20001774   COMPRESSED   0x00000004   Data   RW          900    .data               network_handc5.o
    0x20001778   COMPRESSED   0x00000004   Data   RW          901    .data               network_handc5.o
    0x2000177c   COMPRESSED   0x00000030   Data   RW          902    .data               network_handc5.o
    0x200017ac   COMPRESSED   0x00000004   Data   RW          903    .data               network_handc5.o
    0x200017b0   COMPRESSED   0x00000004   Data   RW          904    .data               network_handc5.o
    0x200017b4   COMPRESSED   0x0000000c   Data   RW          905    .data               network_handc5.o
    0x200017c0   COMPRESSED   0x00000004   Data   RW          906    .data               network_handc5.o
    0x200017c4   COMPRESSED   0x00000030   Data   RW          907    .data               network_handc5.o
    0x200017f4   COMPRESSED   0x00000004   Data   RW          908    .data               network_handc5.o
    0x200017f8   COMPRESSED   0x00000004   Data   RW          909    .data               network_handc5.o
    0x200017fc   COMPRESSED   0x0000000c   Data   RW          910    .data               network_handc5.o
    0x20001808   COMPRESSED   0x00000004   Data   RW          911    .data               network_handc5.o
    0x2000180c   COMPRESSED   0x00000030   Data   RW          912    .data               network_handc5.o
    0x2000183c   COMPRESSED   0x00000010   Data   RW          913    .data               network_handc5.o
    0x2000184c   COMPRESSED   0x00000004   Data   RW          914    .data               network_handc5.o
    0x20001850   COMPRESSED   0x00000004   Data   RW          915    .data               network_handc5.o
    0x20001854   COMPRESSED   0x00000004   Data   RW          916    .data               network_handc5.o
    0x20001858   COMPRESSED   0x00000004   Data   RW          917    .data               network_handc5.o
    0x2000185c   COMPRESSED   0x00000030   Data   RW          918    .data               network_handc5.o
    0x2000188c   COMPRESSED   0x00000004   Data   RW          919    .data               network_handc5.o
    0x20001890   COMPRESSED   0x00000004   Data   RW          920    .data               network_handc5.o
    0x20001894   COMPRESSED   0x00000008   Data   RW          921    .data               network_handc5.o
    0x2000189c   COMPRESSED   0x00000004   Data   RW          922    .data               network_handc5.o
    0x200018a0   COMPRESSED   0x00000030   Data   RW          923    .data               network_handc5.o
    0x200018d0   COMPRESSED   0x00000004   Data   RW          924    .data               network_handc5.o
    0x200018d4   COMPRESSED   0x00000004   Data   RW          925    .data               network_handc5.o
    0x200018d8   COMPRESSED   0x00000004   Data   RW          926    .data               network_handc5.o
    0x200018dc   COMPRESSED   0x00000004   Data   RW          927    .data               network_handc5.o
    0x200018e0   COMPRESSED   0x00000030   Data   RW          928    .data               network_handc5.o
    0x20001910   COMPRESSED   0x00000004   Data   RW          929    .data               network_handc5.o
    0x20001914   COMPRESSED   0x00000004   Data   RW          930    .data               network_handc5.o
    0x20001918   COMPRESSED   0x00000008   Data   RW          931    .data               network_handc5.o
    0x20001920   COMPRESSED   0x00000004   Data   RW          932    .data               network_handc5.o
    0x20001924   COMPRESSED   0x00000030   Data   RW          933    .data               network_handc5.o
    0x20001954   COMPRESSED   0x00000004   Data   RW          934    .data               network_handc5.o
    0x20001958   COMPRESSED   0x00000004   Data   RW          935    .data               network_handc5.o
    0x2000195c   COMPRESSED   0x00000004   Data   RW          936    .data               network_handc5.o
    0x20001960   COMPRESSED   0x00000004   Data   RW          937    .data               network_handc5.o
    0x20001964   COMPRESSED   0x00000030   Data   RW          938    .data               network_handc5.o
    0x20001994   COMPRESSED   0x00000008   Data   RW          939    .data               network_handc5.o
    0x2000199c   COMPRESSED   0x00000004   Data   RW          940    .data               network_handc5.o
    0x200019a0   COMPRESSED   0x00000004   Data   RW          941    .data               network_handc5.o
    0x200019a4   COMPRESSED   0x00000004   Data   RW          942    .data               network_handc5.o
    0x200019a8   COMPRESSED   0x00000030   Data   RW          943    .data               network_handc5.o
    0x200019d8   COMPRESSED   0x00000004   Data   RW          944    .data               network_handc5.o
    0x200019dc   COMPRESSED   0x00000004   Data   RW          945    .data               network_handc5.o
    0x200019e0   COMPRESSED   0x0000000c   Data   RW          946    .data               network_handc5.o
    0x200019ec   COMPRESSED   0x00000004   Data   RW          947    .data               network_handc5.o
    0x200019f0   COMPRESSED   0x00000030   Data   RW          948    .data               network_handc5.o
    0x20001a20   COMPRESSED   0x00000004   Data   RW          949    .data               network_handc5.o
    0x20001a24   COMPRESSED   0x00000004   Data   RW          950    .data               network_handc5.o
    0x20001a28   COMPRESSED   0x0000000c   Data   RW          951    .data               network_handc5.o
    0x20001a34   COMPRESSED   0x00000004   Data   RW          952    .data               network_handc5.o
    0x20001a38   COMPRESSED   0x00000030   Data   RW          953    .data               network_handc5.o
    0x20001a68   COMPRESSED   0x00000004   Data   RW          954    .data               network_handc5.o
    0x20001a6c   COMPRESSED   0x00000004   Data   RW          955    .data               network_handc5.o
    0x20001a70   COMPRESSED   0x0000000c   Data   RW          956    .data               network_handc5.o
    0x20001a7c   COMPRESSED   0x00000004   Data   RW          957    .data               network_handc5.o
    0x20001a80   COMPRESSED   0x00000030   Data   RW          958    .data               network_handc5.o
    0x20001ab0   COMPRESSED   0x00000010   Data   RW          959    .data               network_handc5.o
    0x20001ac0   COMPRESSED   0x00000004   Data   RW          960    .data               network_handc5.o
    0x20001ac4   COMPRESSED   0x00000004   Data   RW          961    .data               network_handc5.o
    0x20001ac8   COMPRESSED   0x00000004   Data   RW          962    .data               network_handc5.o
    0x20001acc   COMPRESSED   0x00000004   Data   RW          963    .data               network_handc5.o
    0x20001ad0   COMPRESSED   0x00000030   Data   RW          964    .data               network_handc5.o
    0x20001b00   COMPRESSED   0x00000004   Data   RW          965    .data               network_handc5.o
    0x20001b04   COMPRESSED   0x00000004   Data   RW          966    .data               network_handc5.o
    0x20001b08   COMPRESSED   0x00000008   Data   RW          967    .data               network_handc5.o
    0x20001b10   COMPRESSED   0x00000004   Data   RW          968    .data               network_handc5.o
    0x20001b14   COMPRESSED   0x00000030   Data   RW          969    .data               network_handc5.o
    0x20001b44   COMPRESSED   0x00000004   Data   RW          970    .data               network_handc5.o
    0x20001b48   COMPRESSED   0x00000004   Data   RW          971    .data               network_handc5.o
    0x20001b4c   COMPRESSED   0x00000004   Data   RW          972    .data               network_handc5.o
    0x20001b50   COMPRESSED   0x00000004   Data   RW          973    .data               network_handc5.o
    0x20001b54   COMPRESSED   0x00000030   Data   RW          974    .data               network_handc5.o
    0x20001b84   COMPRESSED   0x00000004   Data   RW          975    .data               network_handc5.o
    0x20001b88   COMPRESSED   0x00000004   Data   RW          976    .data               network_handc5.o
    0x20001b8c   COMPRESSED   0x00000008   Data   RW          977    .data               network_handc5.o
    0x20001b94   COMPRESSED   0x00000004   Data   RW          978    .data               network_handc5.o
    0x20001b98   COMPRESSED   0x00000030   Data   RW          979    .data               network_handc5.o
    0x20001bc8   COMPRESSED   0x00000004   Data   RW          980    .data               network_handc5.o
    0x20001bcc   COMPRESSED   0x00000004   Data   RW          981    .data               network_handc5.o
    0x20001bd0   COMPRESSED   0x00000004   Data   RW          982    .data               network_handc5.o
    0x20001bd4   COMPRESSED   0x00000004   Data   RW          983    .data               network_handc5.o
    0x20001bd8   COMPRESSED   0x00000030   Data   RW          984    .data               network_handc5.o
    0x20001c08   COMPRESSED   0x00000008   Data   RW          985    .data               network_handc5.o
    0x20001c10   COMPRESSED   0x00000004   Data   RW          986    .data               network_handc5.o
    0x20001c14   COMPRESSED   0x00000004   Data   RW          987    .data               network_handc5.o
    0x20001c18   COMPRESSED   0x00000004   Data   RW          988    .data               network_handc5.o
    0x20001c1c   COMPRESSED   0x00000030   Data   RW          989    .data               network_handc5.o
    0x20001c4c   COMPRESSED   0x00000004   Data   RW          990    .data               network_handc5.o
    0x20001c50   COMPRESSED   0x00000004   Data   RW          991    .data               network_handc5.o
    0x20001c54   COMPRESSED   0x0000000c   Data   RW          992    .data               network_handc5.o
    0x20001c60   COMPRESSED   0x00000004   Data   RW          993    .data               network_handc5.o
    0x20001c64   COMPRESSED   0x00000030   Data   RW          994    .data               network_handc5.o
    0x20001c94   COMPRESSED   0x00000008   Data   RW          995    .data               network_handc5.o
    0x20001c9c   COMPRESSED   0x00000004   Data   RW          996    .data               network_handc5.o
    0x20001ca0   COMPRESSED   0x00000004   Data   RW          997    .data               network_handc5.o
    0x20001ca4   COMPRESSED   0x00000004   Data   RW          998    .data               network_handc5.o
    0x20001ca8   COMPRESSED   0x00000030   Data   RW          999    .data               network_handc5.o
    0x20001cd8   COMPRESSED   0x00000004   Data   RW         1000    .data               network_handc5.o
    0x20001cdc   COMPRESSED   0x00000004   Data   RW         1001    .data               network_handc5.o
    0x20001ce0   COMPRESSED   0x0000000c   Data   RW         1002    .data               network_handc5.o
    0x20001cec   COMPRESSED   0x00000004   Data   RW         1003    .data               network_handc5.o
    0x20001cf0   COMPRESSED   0x00000030   Data   RW         1004    .data               network_handc5.o
    0x20001d20   COMPRESSED   0x00000004   Data   RW         1005    .data               network_handc5.o
    0x20001d24   COMPRESSED   0x00000004   Data   RW         1006    .data               network_handc5.o
    0x20001d28   COMPRESSED   0x0000000c   Data   RW         1007    .data               network_handc5.o
    0x20001d34   COMPRESSED   0x00000004   Data   RW         1008    .data               network_handc5.o
    0x20001d38   COMPRESSED   0x00000030   Data   RW         1009    .data               network_handc5.o
    0x20001d68   COMPRESSED   0x00000010   Data   RW         1010    .data               network_handc5.o
    0x20001d78   COMPRESSED   0x00000004   Data   RW         1011    .data               network_handc5.o
    0x20001d7c   COMPRESSED   0x00000004   Data   RW         1012    .data               network_handc5.o
    0x20001d80   COMPRESSED   0x00000004   Data   RW         1013    .data               network_handc5.o
    0x20001d84   COMPRESSED   0x00000004   Data   RW         1014    .data               network_handc5.o
    0x20001d88   COMPRESSED   0x00000030   Data   RW         1015    .data               network_handc5.o
    0x20001db8   COMPRESSED   0x00000004   Data   RW         1016    .data               network_handc5.o
    0x20001dbc   COMPRESSED   0x00000004   Data   RW         1017    .data               network_handc5.o
    0x20001dc0   COMPRESSED   0x00000008   Data   RW         1018    .data               network_handc5.o
    0x20001dc8   COMPRESSED   0x00000004   Data   RW         1019    .data               network_handc5.o
    0x20001dcc   COMPRESSED   0x00000030   Data   RW         1020    .data               network_handc5.o
    0x20001dfc   COMPRESSED   0x00000004   Data   RW         1021    .data               network_handc5.o
    0x20001e00   COMPRESSED   0x00000004   Data   RW         1022    .data               network_handc5.o
    0x20001e04   COMPRESSED   0x00000004   Data   RW         1023    .data               network_handc5.o
    0x20001e08   COMPRESSED   0x00000004   Data   RW         1024    .data               network_handc5.o
    0x20001e0c   COMPRESSED   0x00000030   Data   RW         1025    .data               network_handc5.o
    0x20001e3c   COMPRESSED   0x00000004   Data   RW         1026    .data               network_handc5.o
    0x20001e40   COMPRESSED   0x00000004   Data   RW         1027    .data               network_handc5.o
    0x20001e44   COMPRESSED   0x00000008   Data   RW         1028    .data               network_handc5.o
    0x20001e4c   COMPRESSED   0x00000004   Data   RW         1029    .data               network_handc5.o
    0x20001e50   COMPRESSED   0x00000030   Data   RW         1030    .data               network_handc5.o
    0x20001e80   COMPRESSED   0x00000004   Data   RW         1031    .data               network_handc5.o
    0x20001e84   COMPRESSED   0x00000004   Data   RW         1032    .data               network_handc5.o
    0x20001e88   COMPRESSED   0x00000004   Data   RW         1033    .data               network_handc5.o
    0x20001e8c   COMPRESSED   0x00000004   Data   RW         1034    .data               network_handc5.o
    0x20001e90   COMPRESSED   0x00000030   Data   RW         1035    .data               network_handc5.o
    0x20001ec0   COMPRESSED   0x00000008   Data   RW         1036    .data               network_handc5.o
    0x20001ec8   COMPRESSED   0x00000004   Data   RW         1037    .data               network_handc5.o
    0x20001ecc   COMPRESSED   0x00000004   Data   RW         1038    .data               network_handc5.o
    0x20001ed0   COMPRESSED   0x00000004   Data   RW         1039    .data               network_handc5.o
    0x20001ed4   COMPRESSED   0x00000030   Data   RW         1040    .data               network_handc5.o
    0x20001f04   COMPRESSED   0x00000004   Data   RW         1041    .data               network_handc5.o
    0x20001f08   COMPRESSED   0x00000004   Data   RW         1042    .data               network_handc5.o
    0x20001f0c   COMPRESSED   0x0000000c   Data   RW         1043    .data               network_handc5.o
    0x20001f18   COMPRESSED   0x00000004   Data   RW         1044    .data               network_handc5.o
    0x20001f1c   COMPRESSED   0x00000030   Data   RW         1045    .data               network_handc5.o
    0x20001f4c   COMPRESSED   0x00000008   Data   RW         1046    .data               network_handc5.o
    0x20001f54   COMPRESSED   0x00000004   Data   RW         1047    .data               network_handc5.o
    0x20001f58   COMPRESSED   0x00000004   Data   RW         1048    .data               network_handc5.o
    0x20001f5c   COMPRESSED   0x00000004   Data   RW         1049    .data               network_handc5.o
    0x20001f60   COMPRESSED   0x00000030   Data   RW         1050    .data               network_handc5.o
    0x20001f90   COMPRESSED   0x00000004   Data   RW         1051    .data               network_handc5.o
    0x20001f94   COMPRESSED   0x00000004   Data   RW         1052    .data               network_handc5.o
    0x20001f98   COMPRESSED   0x0000000c   Data   RW         1053    .data               network_handc5.o
    0x20001fa4   COMPRESSED   0x00000004   Data   RW         1054    .data               network_handc5.o
    0x20001fa8   COMPRESSED   0x00000030   Data   RW         1055    .data               network_handc5.o
    0x20001fd8   COMPRESSED   0x00000004   Data   RW         1056    .data               network_handc5.o
    0x20001fdc   COMPRESSED   0x00000004   Data   RW         1057    .data               network_handc5.o
    0x20001fe0   COMPRESSED   0x0000000c   Data   RW         1058    .data               network_handc5.o
    0x20001fec   COMPRESSED   0x00000004   Data   RW         1059    .data               network_handc5.o
    0x20001ff0   COMPRESSED   0x00000030   Data   RW         1060    .data               network_handc5.o
    0x20002020   COMPRESSED   0x00000010   Data   RW         1061    .data               network_handc5.o
    0x20002030   COMPRESSED   0x00000004   Data   RW         1062    .data               network_handc5.o
    0x20002034   COMPRESSED   0x00000004   Data   RW         1063    .data               network_handc5.o
    0x20002038   COMPRESSED   0x00000004   Data   RW         1064    .data               network_handc5.o
    0x2000203c   COMPRESSED   0x00000004   Data   RW         1065    .data               network_handc5.o
    0x20002040   COMPRESSED   0x00000030   Data   RW         1066    .data               network_handc5.o
    0x20002070   COMPRESSED   0x00000004   Data   RW         1067    .data               network_handc5.o
    0x20002074   COMPRESSED   0x00000004   Data   RW         1068    .data               network_handc5.o
    0x20002078   COMPRESSED   0x00000008   Data   RW         1069    .data               network_handc5.o
    0x20002080   COMPRESSED   0x00000004   Data   RW         1070    .data               network_handc5.o
    0x20002084   COMPRESSED   0x00000030   Data   RW         1071    .data               network_handc5.o
    0x200020b4   COMPRESSED   0x00000004   Data   RW         1072    .data               network_handc5.o
    0x200020b8   COMPRESSED   0x00000004   Data   RW         1073    .data               network_handc5.o
    0x200020bc   COMPRESSED   0x00000004   Data   RW         1074    .data               network_handc5.o
    0x200020c0   COMPRESSED   0x00000004   Data   RW         1075    .data               network_handc5.o
    0x200020c4   COMPRESSED   0x00000030   Data   RW         1076    .data               network_handc5.o
    0x200020f4   COMPRESSED   0x00000004   Data   RW         1077    .data               network_handc5.o
    0x200020f8   COMPRESSED   0x00000004   Data   RW         1078    .data               network_handc5.o
    0x200020fc   COMPRESSED   0x00000008   Data   RW         1079    .data               network_handc5.o
    0x20002104   COMPRESSED   0x00000004   Data   RW         1080    .data               network_handc5.o
    0x20002108   COMPRESSED   0x00000030   Data   RW         1081    .data               network_handc5.o
    0x20002138   COMPRESSED   0x00000004   Data   RW         1082    .data               network_handc5.o
    0x2000213c   COMPRESSED   0x00000004   Data   RW         1083    .data               network_handc5.o
    0x20002140   COMPRESSED   0x00000004   Data   RW         1084    .data               network_handc5.o
    0x20002144   COMPRESSED   0x00000004   Data   RW         1085    .data               network_handc5.o
    0x20002148   COMPRESSED   0x00000030   Data   RW         1086    .data               network_handc5.o
    0x20002178   COMPRESSED   0x00000008   Data   RW         1087    .data               network_handc5.o
    0x20002180   COMPRESSED   0x00000004   Data   RW         1088    .data               network_handc5.o
    0x20002184   COMPRESSED   0x00000004   Data   RW         1089    .data               network_handc5.o
    0x20002188   COMPRESSED   0x00000004   Data   RW         1090    .data               network_handc5.o
    0x2000218c   COMPRESSED   0x00000030   Data   RW         1091    .data               network_handc5.o
    0x200021bc   COMPRESSED   0x00000004   Data   RW         1092    .data               network_handc5.o
    0x200021c0   COMPRESSED   0x00000004   Data   RW         1093    .data               network_handc5.o
    0x200021c4   COMPRESSED   0x0000000c   Data   RW         1094    .data               network_handc5.o
    0x200021d0   COMPRESSED   0x00000004   Data   RW         1095    .data               network_handc5.o
    0x200021d4   COMPRESSED   0x00000030   Data   RW         1096    .data               network_handc5.o
    0x20002204   COMPRESSED   0x00000004   Data   RW         1097    .data               network_handc5.o
    0x20002208   COMPRESSED   0x00000004   Data   RW         1098    .data               network_handc5.o
    0x2000220c   COMPRESSED   0x0000000c   Data   RW         1099    .data               network_handc5.o
    0x20002218   COMPRESSED   0x00000004   Data   RW         1100    .data               network_handc5.o
    0x2000221c   COMPRESSED   0x00000030   Data   RW         1101    .data               network_handc5.o
    0x2000224c   COMPRESSED   0x00000004   Data   RW         1102    .data               network_handc5.o
    0x20002250   COMPRESSED   0x00000004   Data   RW         1103    .data               network_handc5.o
    0x20002254   COMPRESSED   0x0000000c   Data   RW         1104    .data               network_handc5.o
    0x20002260   COMPRESSED   0x00000004   Data   RW         1105    .data               network_handc5.o
    0x20002264   COMPRESSED   0x00000030   Data   RW         1106    .data               network_handc5.o
    0x20002294   COMPRESSED   0x00000010   Data   RW         1107    .data               network_handc5.o
    0x200022a4   COMPRESSED   0x00000004   Data   RW         1108    .data               network_handc5.o
    0x200022a8   COMPRESSED   0x00000004   Data   RW         1109    .data               network_handc5.o
    0x200022ac   COMPRESSED   0x00000004   Data   RW         1110    .data               network_handc5.o
    0x200022b0   COMPRESSED   0x00000004   Data   RW         1111    .data               network_handc5.o
    0x200022b4   COMPRESSED   0x00000030   Data   RW         1112    .data               network_handc5.o
    0x200022e4   COMPRESSED   0x00000004   Data   RW         1113    .data               network_handc5.o
    0x200022e8   COMPRESSED   0x00000004   Data   RW         1114    .data               network_handc5.o
    0x200022ec   COMPRESSED   0x00000008   Data   RW         1115    .data               network_handc5.o
    0x200022f4   COMPRESSED   0x00000004   Data   RW         1116    .data               network_handc5.o
    0x200022f8   COMPRESSED   0x00000030   Data   RW         1117    .data               network_handc5.o
    0x20002328   COMPRESSED   0x00000004   Data   RW         1118    .data               network_handc5.o
    0x2000232c   COMPRESSED   0x00000004   Data   RW         1119    .data               network_handc5.o
    0x20002330   COMPRESSED   0x00000004   Data   RW         1120    .data               network_handc5.o
    0x20002334   COMPRESSED   0x00000004   Data   RW         1121    .data               network_handc5.o
    0x20002338   COMPRESSED   0x00000030   Data   RW         1122    .data               network_handc5.o
    0x20002368   COMPRESSED   0x00000004   Data   RW         1123    .data               network_handc5.o
    0x2000236c   COMPRESSED   0x00000004   Data   RW         1124    .data               network_handc5.o
    0x20002370   COMPRESSED   0x00000008   Data   RW         1125    .data               network_handc5.o
    0x20002378   COMPRESSED   0x00000004   Data   RW         1126    .data               network_handc5.o
    0x2000237c   COMPRESSED   0x00000030   Data   RW         1127    .data               network_handc5.o
    0x200023ac   COMPRESSED   0x00000004   Data   RW         1128    .data               network_handc5.o
    0x200023b0   COMPRESSED   0x00000004   Data   RW         1129    .data               network_handc5.o
    0x200023b4   COMPRESSED   0x00000004   Data   RW         1130    .data               network_handc5.o
    0x200023b8   COMPRESSED   0x00000004   Data   RW         1131    .data               network_handc5.o
    0x200023bc   COMPRESSED   0x00000030   Data   RW         1132    .data               network_handc5.o
    0x200023ec   COMPRESSED   0x00000008   Data   RW         1133    .data               network_handc5.o
    0x200023f4   COMPRESSED   0x00000004   Data   RW         1134    .data               network_handc5.o
    0x200023f8   COMPRESSED   0x00000004   Data   RW         1135    .data               network_handc5.o
    0x200023fc   COMPRESSED   0x00000004   Data   RW         1136    .data               network_handc5.o
    0x20002400   COMPRESSED   0x00000030   Data   RW         1137    .data               network_handc5.o
    0x20002430   COMPRESSED   0x00000004   Data   RW         1138    .data               network_handc5.o
    0x20002434   COMPRESSED   0x00000004   Data   RW         1139    .data               network_handc5.o
    0x20002438   COMPRESSED   0x0000000c   Data   RW         1140    .data               network_handc5.o
    0x20002444   COMPRESSED   0x00000004   Data   RW         1141    .data               network_handc5.o
    0x20002448   COMPRESSED   0x00000030   Data   RW         1142    .data               network_handc5.o
    0x20002478   COMPRESSED   0x00000008   Data   RW         1143    .data               network_handc5.o
    0x20002480   COMPRESSED   0x00000004   Data   RW         1144    .data               network_handc5.o
    0x20002484   COMPRESSED   0x00000004   Data   RW         1145    .data               network_handc5.o
    0x20002488   COMPRESSED   0x00000004   Data   RW         1146    .data               network_handc5.o
    0x2000248c   COMPRESSED   0x00000030   Data   RW         1147    .data               network_handc5.o
    0x200024bc   COMPRESSED   0x00000004   Data   RW         1148    .data               network_handc5.o
    0x200024c0   COMPRESSED   0x00000004   Data   RW         1149    .data               network_handc5.o
    0x200024c4   COMPRESSED   0x0000000c   Data   RW         1150    .data               network_handc5.o
    0x200024d0   COMPRESSED   0x00000004   Data   RW         1151    .data               network_handc5.o
    0x200024d4   COMPRESSED   0x00000030   Data   RW         1152    .data               network_handc5.o
    0x20002504   COMPRESSED   0x00000004   Data   RW         1153    .data               network_handc5.o
    0x20002508   COMPRESSED   0x00000004   Data   RW         1154    .data               network_handc5.o
    0x2000250c   COMPRESSED   0x0000000c   Data   RW         1155    .data               network_handc5.o
    0x20002518   COMPRESSED   0x00000004   Data   RW         1156    .data               network_handc5.o
    0x2000251c   COMPRESSED   0x00000030   Data   RW         1157    .data               network_handc5.o
    0x2000254c   COMPRESSED   0x00000004   Data   RW         1158    .data               network_handc5.o
    0x20002550   COMPRESSED   0x00000004   Data   RW         1159    .data               network_handc5.o
    0x20002554   COMPRESSED   0x0000000c   Data   RW         1160    .data               network_handc5.o
    0x20002560   COMPRESSED   0x00000004   Data   RW         1161    .data               network_handc5.o
    0x20002564   COMPRESSED   0x00000030   Data   RW         1162    .data               network_handc5.o
    0x20002594   COMPRESSED   0x00000004   Data   RW         1163    .data               network_handc5.o
    0x20002598   COMPRESSED   0x00000008   Data   RW         1164    .data               network_handc5.o
    0x200025a0   COMPRESSED   0x0000000c   Data   RW         1165    .data               network_handc5.o
    0x200025ac   COMPRESSED   0x00000004   Data   RW         1166    .data               network_handc5.o
    0x200025b0   COMPRESSED   0x00000008   Data   RW         1167    .data               network_handc5.o
    0x200025b8   COMPRESSED   0x0000000c   Data   RW         1168    .data               network_handc5.o
    0x200025c4   COMPRESSED   0x00000018   Data   RW         1169    .data               network_handc5.o
    0x200025dc   COMPRESSED   0x000009c0   Data   RW         1170    .data               network_handc5.o
    0x20002f9c   COMPRESSED   0x0000001c   Data   RW         1171    .data               network_handc5.o
    0x20002fb8   COMPRESSED   0x0000001c   Data   RW         1172    .data               network_handc5.o
    0x20002fd4   COMPRESSED   0x0000001c   Data   RW         1173    .data               network_handc5.o
    0x20002ff0   COMPRESSED   0x0000001c   Data   RW         1174    .data               network_handc5.o
    0x2000300c   COMPRESSED   0x0000001c   Data   RW         1175    .data               network_handc5.o
    0x20003028   COMPRESSED   0x0000001c   Data   RW         1176    .data               network_handc5.o
    0x20003044   COMPRESSED   0x0000001c   Data   RW         1177    .data               network_handc5.o
    0x20003060   COMPRESSED   0x0000001c   Data   RW         1178    .data               network_handc5.o
    0x2000307c   COMPRESSED   0x0000001c   Data   RW         1179    .data               network_handc5.o
    0x20003098   COMPRESSED   0x0000001c   Data   RW         1180    .data               network_handc5.o
    0x200030b4   COMPRESSED   0x0000001c   Data   RW         1181    .data               network_handc5.o
    0x200030d0   COMPRESSED   0x0000001c   Data   RW         1182    .data               network_handc5.o
    0x200030ec   COMPRESSED   0x0000001c   Data   RW         1183    .data               network_handc5.o
    0x20003108   COMPRESSED   0x0000001c   Data   RW         1184    .data               network_handc5.o
    0x20003124   COMPRESSED   0x0000001c   Data   RW         1185    .data               network_handc5.o
    0x20003140   COMPRESSED   0x0000001c   Data   RW         1186    .data               network_handc5.o
    0x2000315c   COMPRESSED   0x0000001c   Data   RW         1187    .data               network_handc5.o
    0x20003178   COMPRESSED   0x0000001c   Data   RW         1188    .data               network_handc5.o
    0x20003194   COMPRESSED   0x0000001c   Data   RW         1189    .data               network_handc5.o
    0x200031b0   COMPRESSED   0x0000001c   Data   RW         1190    .data               network_handc5.o
    0x200031cc   COMPRESSED   0x0000001c   Data   RW         1191    .data               network_handc5.o
    0x200031e8   COMPRESSED   0x0000001c   Data   RW         1192    .data               network_handc5.o
    0x20003204   COMPRESSED   0x0000001c   Data   RW         1193    .data               network_handc5.o
    0x20003220   COMPRESSED   0x0000001c   Data   RW         1194    .data               network_handc5.o
    0x2000323c   COMPRESSED   0x0000001c   Data   RW         1195    .data               network_handc5.o
    0x20003258   COMPRESSED   0x0000001c   Data   RW         1196    .data               network_handc5.o
    0x20003274   COMPRESSED   0x0000001c   Data   RW         1197    .data               network_handc5.o
    0x20003290   COMPRESSED   0x0000001c   Data   RW         1198    .data               network_handc5.o
    0x200032ac   COMPRESSED   0x0000001c   Data   RW         1199    .data               network_handc5.o
    0x200032c8   COMPRESSED   0x0000001c   Data   RW         1200    .data               network_handc5.o
    0x200032e4   COMPRESSED   0x0000001c   Data   RW         1201    .data               network_handc5.o
    0x20003300   COMPRESSED   0x0000001c   Data   RW         1202    .data               network_handc5.o
    0x2000331c   COMPRESSED   0x0000001c   Data   RW         1203    .data               network_handc5.o
    0x20003338   COMPRESSED   0x0000001c   Data   RW         1204    .data               network_handc5.o
    0x20003354   COMPRESSED   0x0000001c   Data   RW         1205    .data               network_handc5.o
    0x20003370   COMPRESSED   0x0000001c   Data   RW         1206    .data               network_handc5.o
    0x2000338c   COMPRESSED   0x0000001c   Data   RW         1207    .data               network_handc5.o
    0x200033a8   COMPRESSED   0x0000001c   Data   RW         1208    .data               network_handc5.o
    0x200033c4   COMPRESSED   0x0000001c   Data   RW         1209    .data               network_handc5.o
    0x200033e0   COMPRESSED   0x0000001c   Data   RW         1210    .data               network_handc5.o
    0x200033fc   COMPRESSED   0x0000001c   Data   RW         1211    .data               network_handc5.o
    0x20003418   COMPRESSED   0x0000001c   Data   RW         1212    .data               network_handc5.o
    0x20003434   COMPRESSED   0x0000001c   Data   RW         1213    .data               network_handc5.o
    0x20003450   COMPRESSED   0x0000001c   Data   RW         1214    .data               network_handc5.o
    0x2000346c   COMPRESSED   0x0000001c   Data   RW         1215    .data               network_handc5.o
    0x20003488   COMPRESSED   0x0000001c   Data   RW         1216    .data               network_handc5.o
    0x200034a4   COMPRESSED   0x0000001c   Data   RW         1217    .data               network_handc5.o
    0x200034c0   COMPRESSED   0x0000001c   Data   RW         1218    .data               network_handc5.o
    0x200034dc   COMPRESSED   0x0000001c   Data   RW         1219    .data               network_handc5.o
    0x200034f8   COMPRESSED   0x0000001c   Data   RW         1220    .data               network_handc5.o
    0x20003514   COMPRESSED   0x0000001c   Data   RW         1221    .data               network_handc5.o
    0x20003530   COMPRESSED   0x0000001c   Data   RW         1222    .data               network_handc5.o
    0x2000354c   COMPRESSED   0x0000001c   Data   RW         1223    .data               network_handc5.o
    0x20003568   COMPRESSED   0x0000001c   Data   RW         1224    .data               network_handc5.o
    0x20003584   COMPRESSED   0x0000001c   Data   RW         1225    .data               network_handc5.o
    0x200035a0   COMPRESSED   0x0000001c   Data   RW         1226    .data               network_handc5.o
    0x200035bc   COMPRESSED   0x0000001c   Data   RW         1227    .data               network_handc5.o
    0x200035d8   COMPRESSED   0x0000001c   Data   RW         1228    .data               network_handc5.o
    0x200035f4   COMPRESSED   0x0000001c   Data   RW         1229    .data               network_handc5.o
    0x20003610   COMPRESSED   0x0000001c   Data   RW         1230    .data               network_handc5.o
    0x2000362c   COMPRESSED   0x0000001c   Data   RW         1231    .data               network_handc5.o
    0x20003648   COMPRESSED   0x0000001c   Data   RW         1232    .data               network_handc5.o
    0x20003664   COMPRESSED   0x0000001c   Data   RW         1233    .data               network_handc5.o
    0x20003680   COMPRESSED   0x0000001c   Data   RW         1234    .data               network_handc5.o
    0x2000369c   COMPRESSED   0x0000001c   Data   RW         1235    .data               network_handc5.o
    0x200036b8   COMPRESSED   0x0000001c   Data   RW         1236    .data               network_handc5.o
    0x200036d4   COMPRESSED   0x0000001c   Data   RW         1237    .data               network_handc5.o
    0x200036f0   COMPRESSED   0x0000001c   Data   RW         1238    .data               network_handc5.o
    0x2000370c   COMPRESSED   0x0000001c   Data   RW         1239    .data               network_handc5.o
    0x20003728   COMPRESSED   0x0000001c   Data   RW         1240    .data               network_handc5.o
    0x20003744   COMPRESSED   0x0000001c   Data   RW         1241    .data               network_handc5.o
    0x20003760   COMPRESSED   0x0000001c   Data   RW         1242    .data               network_handc5.o
    0x2000377c   COMPRESSED   0x0000001c   Data   RW         1243    .data               network_handc5.o
    0x20003798   COMPRESSED   0x0000001c   Data   RW         1244    .data               network_handc5.o
    0x200037b4   COMPRESSED   0x0000001c   Data   RW         1245    .data               network_handc5.o
    0x200037d0   COMPRESSED   0x0000001c   Data   RW         1246    .data               network_handc5.o
    0x200037ec   COMPRESSED   0x0000001c   Data   RW         1247    .data               network_handc5.o
    0x20003808   COMPRESSED   0x0000001c   Data   RW         1248    .data               network_handc5.o
    0x20003824   COMPRESSED   0x0000001c   Data   RW         1249    .data               network_handc5.o
    0x20003840   COMPRESSED   0x0000001c   Data   RW         1250    .data               network_handc5.o
    0x2000385c   COMPRESSED   0x0000001c   Data   RW         1251    .data               network_handc5.o
    0x20003878   COMPRESSED   0x0000001c   Data   RW         1252    .data               network_handc5.o
    0x20003894   COMPRESSED   0x0000001c   Data   RW         1253    .data               network_handc5.o
    0x200038b0   COMPRESSED   0x0000001c   Data   RW         1254    .data               network_handc5.o
    0x200038cc   COMPRESSED   0x0000001c   Data   RW         1255    .data               network_handc5.o
    0x200038e8   COMPRESSED   0x0000001c   Data   RW         1256    .data               network_handc5.o
    0x20003904   COMPRESSED   0x0000001c   Data   RW         1257    .data               network_handc5.o
    0x20003920   COMPRESSED   0x0000001c   Data   RW         1258    .data               network_handc5.o
    0x2000393c   COMPRESSED   0x0000001c   Data   RW         1259    .data               network_handc5.o
    0x20003958   COMPRESSED   0x0000001c   Data   RW         1260    .data               network_handc5.o
    0x20003974   COMPRESSED   0x0000001c   Data   RW         1261    .data               network_handc5.o
    0x20003990   COMPRESSED   0x0000001c   Data   RW         1262    .data               network_handc5.o
    0x200039ac   COMPRESSED   0x0000001c   Data   RW         1263    .data               network_handc5.o
    0x200039c8   COMPRESSED   0x0000001c   Data   RW         1264    .data               network_handc5.o
    0x200039e4   COMPRESSED   0x0000001c   Data   RW         1265    .data               network_handc5.o
    0x20003a00   COMPRESSED   0x0000001c   Data   RW         1266    .data               network_handc5.o
    0x20003a1c   COMPRESSED   0x0000001c   Data   RW         1267    .data               network_handc5.o
    0x20003a38   COMPRESSED   0x0000001c   Data   RW         1268    .data               network_handc5.o
    0x20003a54   COMPRESSED   0x0000001c   Data   RW         1269    .data               network_handc5.o
    0x20003a70   COMPRESSED   0x0000001c   Data   RW         1270    .data               network_handc5.o
    0x20003a8c   COMPRESSED   0x0000001c   Data   RW         1271    .data               network_handc5.o
    0x20003aa8   COMPRESSED   0x0000001c   Data   RW         1272    .data               network_handc5.o
    0x20003ac4   COMPRESSED   0x0000001c   Data   RW         1273    .data               network_handc5.o
    0x20003ae0   COMPRESSED   0x0000001c   Data   RW         1274    .data               network_handc5.o
    0x20003afc   COMPRESSED   0x0000001c   Data   RW         1275    .data               network_handc5.o
    0x20003b18   COMPRESSED   0x0000001c   Data   RW         1276    .data               network_handc5.o
    0x20003b34   COMPRESSED   0x0000001c   Data   RW         1277    .data               network_handc5.o
    0x20003b50   COMPRESSED   0x0000001c   Data   RW         1278    .data               network_handc5.o
    0x20003b6c   COMPRESSED   0x0000001c   Data   RW         1279    .data               network_handc5.o
    0x20003b88   COMPRESSED   0x0000001c   Data   RW         1280    .data               network_handc5.o
    0x20003ba4   COMPRESSED   0x0000001c   Data   RW         1281    .data               network_handc5.o
    0x20003bc0   COMPRESSED   0x0000001c   Data   RW         1282    .data               network_handc5.o
    0x20003bdc   COMPRESSED   0x0000001c   Data   RW         1283    .data               network_handc5.o
    0x20003bf8   COMPRESSED   0x0000001c   Data   RW         1284    .data               network_handc5.o
    0x20003c14   COMPRESSED   0x0000001c   Data   RW         1285    .data               network_handc5.o
    0x20003c30   COMPRESSED   0x0000001c   Data   RW         1286    .data               network_handc5.o
    0x20003c4c   COMPRESSED   0x0000001c   Data   RW         1287    .data               network_handc5.o
    0x20003c68   COMPRESSED   0x0000001c   Data   RW         1288    .data               network_handc5.o
    0x20003c84   COMPRESSED   0x0000001c   Data   RW         1289    .data               network_handc5.o
    0x20003ca0   COMPRESSED   0x0000001c   Data   RW         1290    .data               network_handc5.o
    0x20003cbc   COMPRESSED   0x0000001c   Data   RW         1291    .data               network_handc5.o
    0x20003cd8   COMPRESSED   0x0000001c   Data   RW         1292    .data               network_handc5.o
    0x20003cf4   COMPRESSED   0x0000001c   Data   RW         1293    .data               network_handc5.o
    0x20003d10   COMPRESSED   0x0000001c   Data   RW         1294    .data               network_handc5.o
    0x20003d2c   COMPRESSED   0x0000001c   Data   RW         1295    .data               network_handc5.o
    0x20003d48   COMPRESSED   0x0000001c   Data   RW         1296    .data               network_handc5.o
    0x20003d64   COMPRESSED   0x0000001c   Data   RW         1297    .data               network_handc5.o
    0x20003d80   COMPRESSED   0x0000001c   Data   RW         1298    .data               network_handc5.o
    0x20003d9c   COMPRESSED   0x0000001c   Data   RW         1299    .data               network_handc5.o
    0x20003db8   COMPRESSED   0x0000001c   Data   RW         1300    .data               network_handc5.o
    0x20003dd4   COMPRESSED   0x0000001c   Data   RW         1301    .data               network_handc5.o
    0x20003df0   COMPRESSED   0x0000001c   Data   RW         1302    .data               network_handc5.o
    0x20003e0c   COMPRESSED   0x0000001c   Data   RW         1303    .data               network_handc5.o
    0x20003e28   COMPRESSED   0x0000001c   Data   RW         1304    .data               network_handc5.o
    0x20003e44   COMPRESSED   0x0000001c   Data   RW         1305    .data               network_handc5.o
    0x20003e60   COMPRESSED   0x0000001c   Data   RW         1306    .data               network_handc5.o
    0x20003e7c   COMPRESSED   0x0000001c   Data   RW         1307    .data               network_handc5.o
    0x20003e98   COMPRESSED   0x0000001c   Data   RW         1308    .data               network_handc5.o
    0x20003eb4   COMPRESSED   0x0000001c   Data   RW         1309    .data               network_handc5.o
    0x20003ed0   COMPRESSED   0x0000001c   Data   RW         1310    .data               network_handc5.o
    0x20003eec   COMPRESSED   0x0000001c   Data   RW         1311    .data               network_handc5.o
    0x20003f08   COMPRESSED   0x0000001c   Data   RW         1312    .data               network_handc5.o
    0x20003f24   COMPRESSED   0x0000001c   Data   RW         1313    .data               network_handc5.o
    0x20003f40   COMPRESSED   0x0000001c   Data   RW         1314    .data               network_handc5.o
    0x20003f5c   COMPRESSED   0x0000001c   Data   RW         1315    .data               network_handc5.o
    0x20003f78   COMPRESSED   0x0000001c   Data   RW         1316    .data               network_handc5.o
    0x20003f94   COMPRESSED   0x0000001c   Data   RW         1317    .data               network_handc5.o
    0x20003fb0   COMPRESSED   0x0000001c   Data   RW         1318    .data               network_handc5.o
    0x20003fcc   COMPRESSED   0x0000001c   Data   RW         1319    .data               network_handc5.o
    0x20003fe8   COMPRESSED   0x0000001c   Data   RW         1320    .data               network_handc5.o
    0x20004004   COMPRESSED   0x0000003c   Data   RW         1321    .data               network_handc5.o
    0x20004040   COMPRESSED   0x0000003c   Data   RW         1322    .data               network_handc5.o
    0x2000407c   COMPRESSED   0x0000003c   Data   RW         1323    .data               network_handc5.o
    0x200040b8   COMPRESSED   0x00000034   Data   RW         1324    .data               network_handc5.o
    0x200040ec   COMPRESSED   0x00000018   Data   RW         1325    .data               network_handc5.o
    0x20004104   COMPRESSED   0x0000001c   Data   RW         1326    .data               network_handc5.o
    0x20004120   COMPRESSED   0x00000018   Data   RW         1327    .data               network_handc5.o
    0x20004138   COMPRESSED   0x0000001c   Data   RW         1328    .data               network_handc5.o
    0x20004154   COMPRESSED   0x0000001c   Data   RW         1329    .data               network_handc5.o
    0x20004170   COMPRESSED   0x0000003c   Data   RW         1330    .data               network_handc5.o
    0x200041ac   COMPRESSED   0x0000003c   Data   RW         1331    .data               network_handc5.o
    0x200041e8   COMPRESSED   0x0000003c   Data   RW         1332    .data               network_handc5.o
    0x20004224   COMPRESSED   0x0000003c   Data   RW         1333    .data               network_handc5.o
    0x20004260   COMPRESSED   0x0000003c   Data   RW         1334    .data               network_handc5.o
    0x2000429c   COMPRESSED   0x0000003c   Data   RW         1335    .data               network_handc5.o
    0x200042d8   COMPRESSED   0x0000003c   Data   RW         1336    .data               network_handc5.o
    0x20004314   COMPRESSED   0x0000001c   Data   RW         1337    .data               network_handc5.o
    0x20004330   COMPRESSED   0x0000003c   Data   RW         1338    .data               network_handc5.o
    0x2000436c   COMPRESSED   0x0000003c   Data   RW         1339    .data               network_handc5.o
    0x200043a8   COMPRESSED   0x00000034   Data   RW         1340    .data               network_handc5.o
    0x200043dc   COMPRESSED   0x00000018   Data   RW         1341    .data               network_handc5.o
    0x200043f4   COMPRESSED   0x0000001c   Data   RW         1342    .data               network_handc5.o
    0x20004410   COMPRESSED   0x00000018   Data   RW         1343    .data               network_handc5.o
    0x20004428   COMPRESSED   0x0000001c   Data   RW         1344    .data               network_handc5.o
    0x20004444   COMPRESSED   0x0000001c   Data   RW         1345    .data               network_handc5.o
    0x20004460   COMPRESSED   0x0000003c   Data   RW         1346    .data               network_handc5.o
    0x2000449c   COMPRESSED   0x0000003c   Data   RW         1347    .data               network_handc5.o
    0x200044d8   COMPRESSED   0x0000003c   Data   RW         1348    .data               network_handc5.o
    0x20004514   COMPRESSED   0x00000034   Data   RW         1349    .data               network_handc5.o
    0x20004548   COMPRESSED   0x00000018   Data   RW         1350    .data               network_handc5.o
    0x20004560   COMPRESSED   0x0000001c   Data   RW         1351    .data               network_handc5.o
    0x2000457c   COMPRESSED   0x00000018   Data   RW         1352    .data               network_handc5.o
    0x20004594   COMPRESSED   0x0000001c   Data   RW         1353    .data               network_handc5.o
    0x200045b0   COMPRESSED   0x0000001c   Data   RW         1354    .data               network_handc5.o
    0x200045cc   COMPRESSED   0x0000003c   Data   RW         1355    .data               network_handc5.o
    0x20004608   COMPRESSED   0x0000001c   Data   RW         1356    .data               network_handc5.o
    0x20004624   COMPRESSED   0x0000003c   Data   RW         1357    .data               network_handc5.o
    0x20004660   COMPRESSED   0x0000003c   Data   RW         1358    .data               network_handc5.o
    0x2000469c   COMPRESSED   0x00000034   Data   RW         1359    .data               network_handc5.o
    0x200046d0   COMPRESSED   0x00000018   Data   RW         1360    .data               network_handc5.o
    0x200046e8   COMPRESSED   0x0000001c   Data   RW         1361    .data               network_handc5.o
    0x20004704   COMPRESSED   0x00000018   Data   RW         1362    .data               network_handc5.o
    0x2000471c   COMPRESSED   0x0000001c   Data   RW         1363    .data               network_handc5.o
    0x20004738   COMPRESSED   0x0000001c   Data   RW         1364    .data               network_handc5.o
    0x20004754   COMPRESSED   0x0000003c   Data   RW         1365    .data               network_handc5.o
    0x20004790   COMPRESSED   0x0000001c   Data   RW         1366    .data               network_handc5.o
    0x200047ac   COMPRESSED   0x0000003c   Data   RW         1367    .data               network_handc5.o
    0x200047e8   COMPRESSED   0x0000003c   Data   RW         1368    .data               network_handc5.o
    0x20004824   COMPRESSED   0x00000034   Data   RW         1369    .data               network_handc5.o
    0x20004858   COMPRESSED   0x00000018   Data   RW         1370    .data               network_handc5.o
    0x20004870   COMPRESSED   0x0000001c   Data   RW         1371    .data               network_handc5.o
    0x2000488c   COMPRESSED   0x00000018   Data   RW         1372    .data               network_handc5.o
    0x200048a4   COMPRESSED   0x0000001c   Data   RW         1373    .data               network_handc5.o
    0x200048c0   COMPRESSED   0x0000001c   Data   RW         1374    .data               network_handc5.o
    0x200048dc   COMPRESSED   0x0000003c   Data   RW         1375    .data               network_handc5.o
    0x20004918   COMPRESSED   0x0000003c   Data   RW         1376    .data               network_handc5.o
    0x20004954   COMPRESSED   0x0000003c   Data   RW         1377    .data               network_handc5.o
    0x20004990   COMPRESSED   0x00000034   Data   RW         1378    .data               network_handc5.o
    0x200049c4   COMPRESSED   0x00000018   Data   RW         1379    .data               network_handc5.o
    0x200049dc   COMPRESSED   0x0000001c   Data   RW         1380    .data               network_handc5.o
    0x200049f8   COMPRESSED   0x00000018   Data   RW         1381    .data               network_handc5.o
    0x20004a10   COMPRESSED   0x0000001c   Data   RW         1382    .data               network_handc5.o
    0x20004a2c   COMPRESSED   0x0000001c   Data   RW         1383    .data               network_handc5.o
    0x20004a48   COMPRESSED   0x0000003c   Data   RW         1384    .data               network_handc5.o
    0x20004a84   COMPRESSED   0x0000001c   Data   RW         1385    .data               network_handc5.o
    0x20004aa0   COMPRESSED   0x00000058   Data   RW         1386    .data               network_handc5.o
    0x20004af8   COMPRESSED   0x0000003c   Data   RW         1387    .data               network_handc5.o
    0x20004b34   COMPRESSED   0x0000003c   Data   RW         1388    .data               network_handc5.o
    0x20004b70   COMPRESSED   0x0000000e   Data   RW         1563    .data               main.o
    0x20004b7e   COMPRESSED   0x00000002   PAD
    0x20004b80   COMPRESSED   0x00000008   Data   RW         1673    .data               crc.o
    0x20004b88   COMPRESSED   0x00000034   Data   RW         1718    .data               app_x-cube-ai.o
    0x20004bbc   COMPRESSED   0x0000000c   Data   RW         3231    .data               stm32f4xx_hal.o
    0x20004bc8   COMPRESSED   0x00000004   Data   RW         4720    .data               system_stm32f4xx.o
    0x20004bcc   COMPRESSED   0x00000004   Data   RW         5736    .data               mc_w.l(mvars.o)
    0x20004bd0   COMPRESSED   0x00000004   Data   RW         5737    .data               mc_w.l(mvars.o)
    0x20004bd4   COMPRESSED   0x00000004   Data   RW         5741    .data               mc_w.l(errno.o)
    0x20004bd8        -       0x00000048   Zero   RW           17    .bss                adc.o
    0x20004c20        -       0x000008f8   Zero   RW          296    .bss                timer.o
    0x20005518        -       0x00000010   Zero   RW          376    .bss                network_handc5.o
    0x20005528        -       0x00000010   Zero   RW          377    .bss                network_handc5.o
    0x20005538        -       0x00000010   Zero   RW          378    .bss                network_handc5.o
    0x20005548        -       0x00000010   Zero   RW          379    .bss                network_handc5.o
    0x20005558        -       0x00000010   Zero   RW          380    .bss                network_handc5.o
    0x20005568        -       0x00000010   Zero   RW          381    .bss                network_handc5.o
    0x20005578        -       0x00000010   Zero   RW          382    .bss                network_handc5.o
    0x20005588        -       0x00000010   Zero   RW          383    .bss                network_handc5.o
    0x20005598        -       0x00000010   Zero   RW          384    .bss                network_handc5.o
    0x200055a8        -       0x00000010   Zero   RW          385    .bss                network_handc5.o
    0x200055b8        -       0x00000010   Zero   RW          386    .bss                network_handc5.o
    0x200055c8        -       0x00000010   Zero   RW          387    .bss                network_handc5.o
    0x200055d8        -       0x00000010   Zero   RW          388    .bss                network_handc5.o
    0x200055e8        -       0x00000010   Zero   RW          389    .bss                network_handc5.o
    0x200055f8        -       0x00000010   Zero   RW          390    .bss                network_handc5.o
    0x20005608        -       0x00000010   Zero   RW          391    .bss                network_handc5.o
    0x20005618        -       0x00000010   Zero   RW          392    .bss                network_handc5.o
    0x20005628        -       0x00000010   Zero   RW          393    .bss                network_handc5.o
    0x20005638        -       0x00000010   Zero   RW          394    .bss                network_handc5.o
    0x20005648        -       0x00000010   Zero   RW          395    .bss                network_handc5.o
    0x20005658        -       0x00000010   Zero   RW          396    .bss                network_handc5.o
    0x20005668        -       0x00000010   Zero   RW          397    .bss                network_handc5.o
    0x20005678        -       0x00000010   Zero   RW          398    .bss                network_handc5.o
    0x20005688        -       0x00000010   Zero   RW          399    .bss                network_handc5.o
    0x20005698        -       0x00000010   Zero   RW          400    .bss                network_handc5.o
    0x200056a8        -       0x00000010   Zero   RW          401    .bss                network_handc5.o
    0x200056b8        -       0x00000018   Zero   RW          402    .bss                network_handc5.o
    0x200056d0        -       0x00000010   Zero   RW          403    .bss                network_handc5.o
    0x200056e0        -       0x00000018   Zero   RW          404    .bss                network_handc5.o
    0x200056f8        -       0x00000010   Zero   RW          405    .bss                network_handc5.o
    0x20005708        -       0x00004cb0   Zero   RW         1558    .bss                main.o
    0x2000a3b8        -       0x00008788   Zero   RW         1716    .bss                app_x-cube-ai.o
    0x20012b40        -       0x00000040   Zero   RW         1779    .bss                usart.o
    0x20012b80        -       0x00002800   Zero   RW            2    HEAP                startup_stm32f411xe.o
    0x20015380        -       0x00000800   Zero   RW            1    STACK               startup_stm32f411xe.o


==============================================================================

Image component sizes


      Code (inc. data)   RO Data    RW Data    ZI Data      Debug   Object Name

       192         28          0          0         72     433961   adc.o
       172         22         48         52      34696      12624   app_x-cube-ai.o
        76         18          0          8          0       1551   crc.o
        98          8          0          4          0       1935   delay.o
        44          6          0          0          0        803   gpio.o
       248         24          0          0          0       2370   led.o
      1586         70        512         14      19632      19900   main.o
      2546         94       1000      19300        496      72342   network_handc5.o
         8          4     220896          0          0       9505   network_handc5_data.o
        36          8        408          0      12288        852   startup_stm32f411xe.o
       156         28          0         12          0       9292   stm32f4xx_hal.o
      1092         52          0          0          0       5330   stm32f4xx_hal_adc.o
       222         14          0          0          0      34689   stm32f4xx_hal_cortex.o
        34          0          0          0          0       1079   stm32f4xx_hal_crc.o
       414         34          0          0          0       2424   stm32f4xx_hal_gpio.o
        48          6          0          0          0        862   stm32f4xx_hal_msp.o
      1332         76          0          0          0       5324   stm32f4xx_hal_rcc.o
      1274         54          0          0          0      12732   stm32f4xx_hal_tim.o
         4          0          0          0          0       1645   stm32f4xx_hal_tim_ex.o
       394         10          0          0          0       2100   stm32f4xx_hal_uart.o
        20          0          0          0          0       4226   stm32f4xx_it.o
       148         12          0          0          0       1135   sys.o
        28          6         24          4          0       1179   system_stm32f4xx.o
       564         86          0          8       2296       6263   timer.o
       164         22          0          0         64       1734   usart.o

    ----------------------------------------------------------------------
     10926        682     222920      19404      69544     645857   Object Totals
         0          0         32          0          0          0   (incl. Generated)
        26          0          0          2          0          0   (incl. Padding)

    ----------------------------------------------------------------------

      Code (inc. data)   RO Data    RW Data    ZI Data      Debug   Library Member Name

       294         34          0          0          0        244   ai_datatypes_format.o
        12          0          0          0          0        232   ai_math_helpers.o
      1340         38         32          0          0       1660   ai_platform_interface.o
        42          0          0          0          0        348   core_common.o
       238          4         24          0          0        260   core_utils.o
       136          6          0          0          0        376   layers.o
      4632         50          0          0          0       2016   layers_conv2d_generic_float.o
       376          6        224          0          0        144   layers_generic_float.o
       956         34          0          0          0       1164   layers_nl_generic_float.o
       950          6          0          0          0        424   layers_pool_generic_float.o
       470          0          0          0          0       3046   arm_bitreversal.o
       768          0          0          0          0      16932   arm_cfft_radix2_f32.o
       308         78          0          0          0       1387   arm_cfft_radix2_init_f32.o
       252          6          0          0          0      17652   arm_cmplx_mag_f32.o
         0          0      34816          0          0       4704   arm_common_tables.o
       488         62         48          0          0        236   expf.o
        38          0          0          0          0        116   fpclassifyf.o
        38         12          0          0          0        348   funder.o
       224         30          0          0          0        172   round.o
        86          0          0          0          0          0   __dczerorl2.o
         0          0          0          0          0          0   entry.o
         0          0          0          0          0          0   entry10a.o
         0          0          0          0          0          0   entry11a.o
         8          4          0          0          0          0   entry2.o
         4          0          0          0          0          0   entry5.o
         0          0          0          0          0          0   entry7b.o
         0          0          0          0          0          0   entry8b.o
         8          4          0          0          0          0   entry9a.o
        12          6          0          4          0         68   errno.o
        30          0          0          0          0          0   handlers.o
        36          8          0          0          0         68   init.o
         0          0          0          0          0          0   iusefp.o
        30          0          0          0          0         68   llshl.o
        36          0          0          0          0         68   llsshr.o
        32          0          0          0          0         68   llushr.o
       252         24          0          0          0        252   mallocr.o
        26          0          0          0          0         80   memcmp.o
        36          0          0          0          0         68   memcpya.o
        36          0          0          0          0        108   memseta.o
         0          0          0          8          0          0   mvars.o
        98          0          0          0          0         92   uldiv.o
        48          0          0          0          0         68   cdcmple.o
        48          0          0          0          0         68   cdrcmple.o
       334          0          0          0          0        148   dadd.o
       186          0          0          0          0        176   depilogue.o
        50          0          0          0          0         76   dfixui.o
        34          0          0          0          0         76   dflti.o
       136          4          0          0          0         92   drnd.o

    ----------------------------------------------------------------------
     13150        416      35144         12          0      53105   Library Totals
        22          0          0          0          0          0   (incl. Padding)

    ----------------------------------------------------------------------

      Code (inc. data)   RO Data    RW Data    ZI Data      Debug   Library Name

      8976        178        280          0          0       6868   NetworkRuntime512_CM4_Keil.lib
      1798         84      34816          0          0      43721   arm_cortexM4lf_math.lib
       788        104         48          0          0        872   m_wm.l
       730         46          0         12          0        940   mc_w.l
       836          4          0          0          0        704   mf_w.l

    ----------------------------------------------------------------------
     13150        416      35144         12          0      53105   Library Totals

    ----------------------------------------------------------------------

==============================================================================


      Code (inc. data)   RO Data    RW Data    ZI Data      Debug   

     24076       1098     258064      19416      69544     683614   Grand Totals
     24076       1098     258064       5144      69544     683614   ELF Image Totals (compressed)
     24076       1098     258064       5144          0          0   ROM Totals

==============================================================================

    Total RO  Size (Code + RO Data)               282140 ( 275.53kB)
    Total RW  Size (RW Data + ZI Data)             88960 (  86.88kB)
    Total ROM Size (Code + RO Data + RW Data)     287284 ( 280.55kB)

==============================================================================

